העמותה לקידום הספורט|||Children
שין לונג בעמ|||Recreation
פניקס אוטו חובה|||Car
דמי כרטיס /הנפקה|||Else
רכבת ישראל - נתניה|||Work
מ.המשפטים-רשם החברות|||Work
מוסך וולטר|||Car
שטראוס מים בע מ  הסכ|||Home
מגדל רכב חובה|||Car
מפעל הפיס מנויים|||Else
שפירא אופטומטריסט בע|||Home
דמי חבר מועדון חבר|||Else
אספרסו קלאב ישראל|||Home
משיכת מזומנים|||Bank
מרכז תרבות -  בעמק ח|||Children
הגינה האורגנית בעמ|||Home
דואלי מכונות אוטומטי|||Recreation
בית ספר לגלגיליות|||Children
